[A] portfolio $3.77 AAPL $1.66, NVDA $1.21, SPY $0.91; target AAPL 43.9%, NVDA 51.3%, SPY 4.8%
[A] target saved
[B] portfolio $4.19 SPY $1.98, AAPL $1.18, NVDA $1.03; target SPY 47.2%, AAPL 47.9%, NVDA 4.9%
[B] target saved
[C] portfolio $1.80 AAPL $1.72, SPY $0.08; target AAPL 38.2%, SPY 61.8%
[C] target saved
[A] created circle 0xd4f4c3a19e55ac6c28cf24b348deb089f2b3308df0873371093de90c6b7170ca
[B] joined circle via Discover
[C] joined circle via Discover
[A] signed intent into round 0x6833eb14f22fa9423b069f0aa938bbea61f656cf0f191c176ff939658b3b2ce7
[B] signed intent into round 0x6833eb14f22fa9423b069f0aa938bbea61f656cf0f191c176ff939658b3b2ce7
[C] signed intent into round 0x6833eb14f22fa9423b069f0aa938bbea61f656cf0f191c176ff939658b3b2ce7
state PROPOSED
aggregate {"signed":3,"participants":3,"approvals":0,"requestedUsd":5.161657,"crossedUsd":4.319999,"residualUsd":0.841657,"crossRateBps":8369,"legCount":3,"cycleCount":1,"status":"PARTIAL_CROSS"} planHash 0x15b47d6c64a9a6b77784dbb820a73f92d51c22815bcded2b6388a0d4c2cd4015
[tx:Venue0 Test Wallet A] wallet=0x71509D21A26F47F83B36A835bB4619Df8F512718 ERC20 approve token=0x117cc2133c37B721F49dE2A7a74833232B3B4C0C spender=0x9cf871315674830046AB0541eE018f6978e86A3D exactRaw=945439235262731 gasEstimate=64460 maxCostEth=0.00000425268404
[A] approved plan and set exact allowance
[tx:Venue0 Test Wallet B] wallet=0x0f199Cc71F82f1baA7D731cbD03C6F8895a9D70D ERC20 approve token=0xd0601CE157Db5bdC3162BbaC2a2C8aF5320D9EEC spender=0x9cf871315674830046AB0541eE018f6978e86A3D exactRaw=3236721708411159 gasEstimate=64460 maxCostEth=0.0000042691858
[B] approved plan and set exact allowance
[tx:Venue0 Test Wallet C] wallet=0x69a0ba2cB75cE834fFbaa258eA2342f862903cae ERC20 approve token=0xaF3D76f1834A1d425780943C99Ea8A608f8a93f9 spender=0x9cf871315674830046AB0541eE018f6978e86A3D exactRaw=2146788147078860 gasEstimate=64460 maxCostEth=0.00000427898372
[C] approved plan and set exact allowance
[tx:Venue0 Test Wallet B] wallet=0x0f199Cc71F82f1baA7D731cbD03C6F8895a9D70D call to=0x9cf871315674830046AB0541eE018f6978e86A3D selector=0x314a3d79 gasEstimate=313321 maxCostEth=0.000020596469256
[B] sent settlement
[A] residual: Only rounding dust is left, below what any venue would trade.
[A] receipt verified and activity shows settlement
[B] residual present; Venue0 suggests: Carry into the next round; choosing carry forward
[B] receipt verified and activity shows settlement
[C] residual present; Venue0 suggests: Carry into the next round; choosing carry forward
[C dynamic 429] https://mpc-client.dynamicauth.com/ws?envId=f157cd2e-83b1-41d7-bc6b-92334b807baa <!doctype html>
[C] receipt verified and activity shows settlement
[C dynamic 429] https://mpc-client.dynamicauth.com/ws?envId=f157cd2e-83b1-41d7-bc6b-92334b807baa <!doctype html>
{"circleId":"0xd4f4c3a19e55ac6c28cf24b348deb089f2b3308df0873371093de90c6b7170ca","roundId":"0x6833eb14f22fa9423b069f0aa938bbea61f656cf0f191c176ff939658b3b2ce7","state":"COMPLETE","tx":"0x17b084d5239e6277e9bde84b89ab9f7aea3e1bb2fa40bf7c91bf285fb8d56b1e","verifier":"PASS","passed":14,"total":14,"providers":{"executor":"robinhood-mainnet.g.alchemy.com","verifier":"robinhood-mainnet.g.alchemy.com","independent":false,"fallbackReason":"independent RPC rpc.mainnet.chain.robinhood.com failed: RPC Request failed."}}
