base https://venue0.timjosh507.workers.dev
[A] already onboarded on this deployment; session resumed
[B] already onboarded on this deployment; session resumed
[C] server session wallet=0x69a0ba2cB75cE834fFbaa258eA2342f862903cae dynamicUser=8537edd7…
[C] wallet chainId=4663
[C] portfolio $1.80 AAPL $1.01, SPY $0.79; target AAPL 95.6%, SPY 4.4%
[C] target saved
[A] created circle 0xb095e5077ccd550aec5889239296f758a7a2f93a5298c298b27b7e33242ab2c6
[B] joined circle via Discover
[C] joined circle via Discover
[A] signed intent into round 0x033bffb3571809957ac3899a5c625ce7025255807c20dafddcc4703b1335438b
[B] signed intent into round 0x033bffb3571809957ac3899a5c625ce7025255807c20dafddcc4703b1335438b
[C] signed intent into round 0x033bffb3571809957ac3899a5c625ce7025255807c20dafddcc4703b1335438b
state PROPOSED
aggregate {"signed":3,"participants":3,"approvals":0,"requestedUsd":5.610899,"crossedUsd":4.259999,"residualUsd":1.350899,"crossRateBps":7592,"legCount":3,"cycleCount":1,"status":"PARTIAL_CROSS"} planHash 0xb717126e639bda8f51e15fac01ec09c17a05fa64883ee1fd11031eb331519989
[tx:Venue0 Test Wallet A] wallet=0x71509D21A26F47F83B36A835bB4619Df8F512718 ERC20 approve token=0xd0601CE157Db5bdC3162BbaC2a2C8aF5320D9EEC spender=0x9cf871315674830046AB0541eE018f6978e86A3D exactRaw=3191767240238782 gasEstimate=64460 maxCostEth=0.00000429767712
[A] approved plan and set exact allowance
[tx:Venue0 Test Wallet B] wallet=0x0f199Cc71F82f1baA7D731cbD03C6F8895a9D70D ERC20 approve token=0xaF3D76f1834A1d425780943C99Ea8A608f8a93f9 spender=0x9cf871315674830046AB0541eE018f6978e86A3D exactRaw=2116971645036098 gasEstimate=64460 maxCostEth=0.00000427846804
[B] approved plan and set exact allowance
[tx:Venue0 Test Wallet C] wallet=0x69a0ba2cB75cE834fFbaa258eA2342f862903cae ERC20 approve token=0x117cc2133c37B721F49dE2A7a74833232B3B4C0C spender=0x9cf871315674830046AB0541eE018f6978e86A3D exactRaw=932308134772971 gasEstimate=64460 maxCostEth=0.00000430025552
[C] approved plan and set exact allowance
[tx:Venue0 Test Wallet C] wallet=0x69a0ba2cB75cE834fFbaa258eA2342f862903cae call to=0x9cf871315674830046AB0541eE018f6978e86A3D selector=0x314a3d79 gasEstimate=313345 maxCostEth=0.00002083681581
file:///Users/mac/venue0/scripts/e2e/steps.ts:107
    if (Date.now() - start > timeoutMs) throw new Error(`round stuck in ${v.round.state}, wanted ${states.join("/")}`);
                                              ^
Error: round stuck in VERIFYING, wanted COMPLETE/VERIFICATION_FAILED/SETTLEMENT_REVERTED
Node.js v24.19.0
